2025-11-12 04:43:11,979 [INFO] 
=====  Running Parameters    =====
2025-11-12 04:43:11,980 [INFO] {
    "accum_grad_iters": 8,
    "amp": true,
    "batch_size_eval": 8,
    "batch_size_train": 1,
    "device": "cuda",
    "dist_url": "env://",
    "distributed": false,
    "evaluate": false,
    "init_lr": 0.0001,
    "lr_sched": "linear_warmup_cosine_lr",
    "max_epoch": 1,
    "min_lr": 1e-05,
    "num_workers": 2,
    "output_dir": "output/BLIP2/Pretrain_stage1",
    "precision": "fp16",
    "resume_ckpt_path": null,
    "seed": 42,
    "task": "pretrain_blip2",
    "train_splits": [
        "train"
    ],
    "warmup_lr": 1e-06,
    "warmup_steps": 5000,
    "weight_decay": 0.05,
    "world_size": 1
}
2025-11-12 04:43:11,980 [INFO] 
======  Dataset Attributes  ======
2025-11-12 04:43:11,980 [INFO] 
======== vg_caption =======
2025-11-12 04:43:11,981 [INFO] {
    "build_info": {
        "annotations": {
            "train": {
                "storage": "vg/annotations/vg_caption.json",
                "url": "https://storage.googleapis.com/sfr-vision-language-research/LAVIS/datasets/visual_genome/vg_caption.json"
            }
        },
        "images": {
            "storage": "vg/images/"
        },
        "text_processor": {
            "train": {
                "name": "blip_caption"
            }
        },
        "vis_processor": {
            "train": {
                "image_size": 224,
                "name": "blip_image_train"
            }
        }
    },
    "data_type": "images"
}
2025-11-12 04:43:11,981 [INFO] 
======== coco_caption =======
2025-11-12 04:43:11,981 [INFO] {
    "build_info": {
        "annotations": {
            "test": {
                "md5": "3ff34b0ef2db02d01c37399f6a2a6cd1",
                "storage": "/root/autodl-tmp/datasets/coco/annotations/coco_karpathy_test.json",
                "url": "https://storage.googleapis.com/sfr-vision-language-research/datasets/coco_karpathy_test.json"
            },
            "train": {
                "md5": "aa31ac474cf6250ebb81d18348a07ed8",
                "storage": "/root/autodl-tmp/datasets/coco/annotations/coco_karpathy_train.json",
                "url": "https://storage.googleapis.com/sfr-vision-language-research/datasets/coco_karpathy_train.json"
            },
            "val": {
                "md5": "b273847456ef5580e33713b1f7de52a0",
                "storage": "/root/autodl-tmp/datasets/coco/annotations/coco_karpathy_val.json",
                "url": "https://storage.googleapis.com/sfr-vision-language-research/datasets/coco_karpathy_val.json"
            }
        },
        "images": {
            "storage": "/root/autodl-tmp/datasets/coco/"
        }
    },
    "data_type": "images",
    "dataset_card": "dataset_card/coco_caption.md",
    "text_processor": {
        "train": {
            "name": "blip_caption"
        }
    },
    "vis_processor": {
        "train": {
            "image_size": 224,
            "name": "blip2_image_train"
        }
    }
}
2025-11-12 04:43:11,981 [INFO] 
======  Model Attributes  ======
2025-11-12 04:43:11,981 [INFO] {
    "arch": "blip2_pretrain",
    "freeze_vit": true,
    "lm_model": "google/flan-t5-xl",
    "load_pretrained": false,
    "model_type": "pretrain_flant5xl",
    "num_query_token": 32,
    "pretrained": "https://storage.googleapis.com/sfr-vision-language-research/BLIP2/models/model_base.pth",
    "qformer_model": "bert-base-uncased",
    "vit_model": "eva_clip_g"
}
2025-11-12 04:43:11,982 [WARNING] /root/autodl-tmp/LAVIS/lavis/datasets/builders/base_dataset_builder.py:164: UserWarning: 
                The specified path /export/home/.cache/lavis/vg/images/ for visual inputs does not exist.
                Please provide a correct path to the visual inputs or
                refer to datasets/download_scripts/README.md for downloading instructions.
                
  warnings.warn(

2025-11-12 04:43:11,982 [INFO] Building datasets...
2025-11-12 04:43:11,982 [WARNING] /root/autodl-tmp/LAVIS/lavis/datasets/builders/base_dataset_builder.py:224: UserWarning: storage path /export/home/.cache/lavis/vg/images/ does not exist.
  warnings.warn("storage path {} does not exist.".format(vis_path))

2025-11-12 04:43:12,984 [INFO] Building datasets...
2025-11-12 04:43:26,842 [WARNING] /root/miniconda3/envs/lavis/lib/python3.10/site-packages/huggingface_hub/file_download.py:1150: FutureWarning: `resume_download` is deprecated and will be removed in version 1.0.0. Downloads always resume when possible. If you want to force a new download, use `force_download=True`.
  warnings.warn(

2025-11-12 04:43:29,347 [INFO] Start training
2025-11-12 04:43:29,774 [INFO] dataset_ratios not specified, datasets will be concatenated (map-style datasets) or chained (webdataset.DataPipeline).
2025-11-12 04:43:29,774 [INFO] Loaded 1388521 records for train split from the dataset.
2025-11-12 04:43:29,774 [INFO] Loaded 5000 records for val split from the dataset.
2025-11-12 04:43:29,774 [INFO] Loaded 5000 records for test split from the dataset.
2025-11-12 04:43:29,779 [INFO] number of trainable parameters: 186309434
2025-11-12 04:43:29,780 [WARNING] /root/autodl-tmp/LAVIS/lavis/runners/runner_base.py:128: FutureWarning: `torch.cuda.amp.GradScaler(args...)` is deprecated. Please use `torch.amp.GradScaler('cuda', args...)` instead.
  self._scaler = torch.cuda.amp.GradScaler()

2025-11-12 04:43:29,781 [INFO] Start training epoch 0, 1388521 iters per inner epoch.
Not using distributed mode
[INFO] Vision Encoder is frozen.
Traceback (most recent call last):
  File "/root/autodl-tmp/LAVIS/train.py", line 103, in <module>
    main()
  File "/root/autodl-tmp/LAVIS/train.py", line 99, in main
    runner.train()
  File "/root/autodl-tmp/LAVIS/lavis/runners/runner_base.py", line 384, in train
    train_stats = self.train_epoch(cur_epoch)
  File "/root/autodl-tmp/LAVIS/lavis/runners/runner_base.py", line 451, in train_epoch
    return self.task.train_epoch(
  File "/root/autodl-tmp/LAVIS/lavis/tasks/base_task.py", line 116, in train_epoch
    return self._train_inner_loop(
  File "/root/autodl-tmp/LAVIS/lavis/tasks/base_task.py", line 207, in _train_inner_loop
    samples = next(data_loader)
  File "/root/autodl-tmp/LAVIS/lavis/datasets/datasets/dataloader_utils.py", line 149, in __next__
    data = next(self.iter_loader)
  File "/root/autodl-tmp/LAVIS/lavis/datasets/datasets/dataloader_utils.py", line 59, in __iter__
    self.preload(loader_it)
  File "/root/autodl-tmp/LAVIS/lavis/datasets/datasets/dataloader_utils.py", line 77, in preload
    self.batch = next(it)
  File "/root/miniconda3/envs/lavis/lib/python3.10/site-packages/torch/utils/data/dataloader.py", line 732, in __next__
    data = self._next_data()
  File "/root/miniconda3/envs/lavis/lib/python3.10/site-packages/torch/utils/data/dataloader.py", line 1506, in _next_data
    return self._process_data(data, worker_id)
  File "/root/miniconda3/envs/lavis/lib/python3.10/site-packages/torch/utils/data/dataloader.py", line 1541, in _process_data
    data.reraise()
  File "/root/miniconda3/envs/lavis/lib/python3.10/site-packages/torch/_utils.py", line 769, in reraise
    raise exception
TypeError: Caught TypeError in DataLoader worker process 0.
Original Traceback (most recent call last):
  File "/root/miniconda3/envs/lavis/lib/python3.10/site-packages/torch/utils/data/_utils/worker.py", line 349, in _worker_loop
    data = fetcher.fetch(index)  # type: ignore[possibly-undefined]
  File "/root/miniconda3/envs/lavis/lib/python3.10/site-packages/torch/utils/data/_utils/fetch.py", line 55, in fetch
    return self.collate_fn(data)
  File "/root/autodl-tmp/LAVIS/lavis/datasets/datasets/base_dataset.py", line 85, in collater
    all_keys.update(s)
TypeError: 'NoneType' object is not iterable

